<link href="test/.tmp/styles/main.scss" rel="stylesheet" media="(min-width: 60em)" />