<link href="test/.tmp/styles/combined.css" rel="stylesheet" />
<link href="test/.tmp/styles/combined_two.css" rel="stylesheet" />