<h1 id="heading-1">Heading 1</h1>
<h2 id="heading-2">Heading 2</h2>
<pre><code class="lang-javascript">var code = {
    key: value;
};
</code></pre>
