<ul>
    <li>1: one</li>
    <li>2: two</li>
    <li>3: three</li>
</ul>