<link href="test/fixtures/styles/main.scss" rel="stylesheet" media="(min-width: 37.5em)" />