<link href="test/.tmp/styles/main.css" rel="stylesheet" />