<link href="test/.tmp/styles/sass_attr.css" rel="stylesheet" media="print" />