<link href="test/.tmp/styles/watch_output.css" rel="stylesheet" />